
> frontend@0.1.0 dev
> next dev --port 12000 --hostname 0.0.0.0

   ▲ Next.js 15.3.1
   - Local:        http://localhost:12000
   - Network:      http://0.0.0.0:12000
   - Environments: .env.local

 ✓ Starting...
 ⚠ Invalid next.config.ts options detected: 
 ⚠     Unrecognized key(s) in object: 'allowedDevOrigins' at "experimental"
 ⚠ See more info here: https://nextjs.org/docs/messages/invalid-next-config
 ✓ Ready in 1540ms
 ○ Compiling / ...
 ⨯ ./app/globals.css.webpack[javascript/auto]!=!./node_modules/next/dist/build/webpack/loaders/css-loader/src/index.js??ruleSet[1].rules[13].oneOf[10].use[2]!./node_modules/next/dist/build/webpack/loaders/postcss-loader/src/index.js??ruleSet[1].rules[13].oneOf[10].use[3]!./app/globals.css
Error: Cannot apply unknown utility class: bg-white
Import trace for requested module:
./app/globals.css.webpack[javascript/auto]!=!./node_modules/next/dist/build/webpack/loaders/css-loader/src/index.js??ruleSet[1].rules[13].oneOf[10].use[2]!./node_modules/next/dist/build/webpack/loaders/postcss-loader/src/index.js??ruleSet[1].rules[13].oneOf[10].use[3]!./app/globals.css
./app/globals.css
 ⨯ ./app/globals.css.webpack[javascript/auto]!=!./node_modules/next/dist/build/webpack/loaders/css-loader/src/index.js??ruleSet[1].rules[13].oneOf[10].use[2]!./node_modules/next/dist/build/webpack/loaders/postcss-loader/src/index.js??ruleSet[1].rules[13].oneOf[10].use[3]!./app/globals.css
Error: Cannot apply unknown utility class: bg-white
Import trace for requested module:
./app/globals.css.webpack[javascript/auto]!=!./node_modules/next/dist/build/webpack/loaders/css-loader/src/index.js??ruleSet[1].rules[13].oneOf[10].use[2]!./node_modules/next/dist/build/webpack/loaders/postcss-loader/src/index.js??ruleSet[1].rules[13].oneOf[10].use[3]!./app/globals.css
./app/globals.css
 GET / 500 in 2835ms
 ⚠ Cross origin request detected from work-1-jwxyjnjsfwdpnruc.prod-runtime.all-hands.dev to /_next/* resource. In a future major version of Next.js, you will need to explicitly configure "allowedDevOrigins" in next.config to allow this.
Read more: https://nextjs.org/docs/app/api-reference/config/next-config-js/allowedDevOrigins
 GET / 500 in 16ms
 GET / 500 in 12ms
 GET / 500 in 13ms
 GET / 500 in 16ms
 GET / 500 in 14ms
 GET / 500 in 15ms
 ⨯ ./app/globals.css.webpack[javascript/auto]!=!./node_modules/next/dist/build/webpack/loaders/css-loader/src/index.js??ruleSet[1].rules[13].oneOf[10].use[2]!./node_modules/next/dist/build/webpack/loaders/postcss-loader/src/index.js??ruleSet[1].rules[13].oneOf[10].use[3]!./app/globals.css
Error: Cannot apply unknown utility class: bg-white
Import trace for requested module:
./app/globals.css.webpack[javascript/auto]!=!./node_modules/next/dist/build/webpack/loaders/css-loader/src/index.js??ruleSet[1].rules[13].oneOf[10].use[2]!./node_modules/next/dist/build/webpack/loaders/postcss-loader/src/index.js??ruleSet[1].rules[13].oneOf[10].use[3]!./app/globals.css
./app/globals.css
 GET / 500 in 13ms
 GET / 500 in 21ms
 GET / 500 in 12ms
 ⚠ Found a change in next.config.ts. Restarting the server to apply the changes...
   ▲ Next.js 15.3.1
   - Local:        http://localhost:12000
   - Network:      http://0.0.0.0:12000
   - Environments: .env.local

 ✓ Starting...
 ✓ Ready in 1558ms
 ⚠ Cross origin request detected from work-1-jwxyjnjsfwdpnruc.prod-runtime.all-hands.dev to /_next/* resource. In a future major version of Next.js, you will need to explicitly configure "allowedDevOrigins" in next.config to allow this.
Read more: https://nextjs.org/docs/app/api-reference/config/next-config-js/allowedDevOrigins
 ○ Compiling / ...
 ✓ Compiled / in 1999ms (675 modules)
 ⚠ Fast Refresh had to perform a full reload due to a runtime error.
 GET / 200 in 2359ms
 GET /_next/static/webpack/d00959462d73e702.webpack.hot-update.json 404 in 2452ms
 GET / 200 in 1085ms
 ✓ Compiled in 531ms (320 modules)
 GET / 200 in 178ms
 ✓ Compiled in 95ms (320 modules)
 ✓ Compiled in 83ms (320 modules)
 ✓ Compiled in 73ms (320 modules)
 ✓ Compiled in 78ms (320 modules)
 ✓ Compiled in 76ms (320 modules)
 ✓ Compiled in 219ms (320 modules)
 ✓ Compiled in 123ms (320 modules)
 ✓ Compiled in 88ms (320 modules)
 ✓ Compiled in 71ms (320 modules)
 ✓ Compiled in 84ms (320 modules)
 ✓ Compiled in 70ms (320 modules)
 ✓ Compiled in 59ms (320 modules)
 ✓ Compiled in 73ms (320 modules)
 ✓ Compiled in 71ms (320 modules)
 ✓ Compiled in 99ms (320 modules)
 ✓ Compiled in 67ms (320 modules)
 GET / 200 in 236ms
 ✓ Compiled in 81ms (320 modules)
 ✓ Compiled in 94ms (320 modules)
 GET / 200 in 49ms
 ✓ Compiled in 75ms (320 modules)
 ✓ Compiled in 70ms (320 modules)
 GET / 200 in 74ms
 ✓ Compiled in 85ms (320 modules)
 ✓ Compiled in 68ms (320 modules)
 GET / 200 in 83ms
 ✓ Compiled in 94ms (320 modules)
 ✓ Compiled in 81ms (320 modules)
 GET / 200 in 82ms
 ✓ Compiled in 71ms (320 modules)
 ✓ Compiled in 75ms (320 modules)
 GET / 200 in 71ms
 ✓ Compiled in 81ms (320 modules)
 ✓ Compiled in 76ms (320 modules)
 GET / 200 in 57ms
 ✓ Compiled in 82ms (320 modules)
 ✓ Compiled in 69ms (320 modules)
 GET / 200 in 77ms
 ✓ Compiled in 70ms (320 modules)
 ✓ Compiled in 76ms (320 modules)
 GET / 200 in 66ms
 ✓ Compiled in 73ms (320 modules)
 ✓ Compiled in 81ms (320 modules)
 GET / 200 in 71ms
 ✓ Compiled in 86ms (320 modules)
 GET / 200 in 78ms
 ✓ Compiled in 99ms (320 modules)
 GET / 200 in 91ms
 GET / 200 in 66ms
 ✓ Compiled in 71ms (320 modules)
 GET / 200 in 39ms
 ✓ Compiled in 103ms (320 modules)
 GET / 200 in 57ms
 ✓ Compiled in 95ms (320 modules)
 GET / 200 in 30ms
 GET / 200 in 96ms
 ✓ Compiled in 100ms (320 modules)
 GET / 200 in 37ms
 ✓ Compiled in 70ms (320 modules)
 GET / 200 in 35ms
 ✓ Compiled in 76ms (320 modules)
 GET / 200 in 30ms
 ✓ Compiled in 82ms (320 modules)
 GET / 200 in 22ms
 ✓ Compiled in 79ms (320 modules)
 GET / 200 in 21ms
 ✓ Compiled in 78ms (320 modules)
 GET / 200 in 59ms
 ✓ Compiled in 80ms (320 modules)
 GET / 200 in 47ms
 ✓ Compiled in 77ms (320 modules)
 GET / 200 in 36ms
 ✓ Compiled in 80ms (320 modules)
 GET / 200 in 61ms
 ✓ Compiled in 71ms (320 modules)
 GET / 200 in 42ms
 ✓ Compiled in 73ms (320 modules)
 GET / 200 in 30ms
 ✓ Compiled in 76ms (320 modules)
 GET / 200 in 37ms
 ✓ Compiled in 76ms (320 modules)
 GET / 200 in 22ms
 ✓ Compiled in 76ms (320 modules)
 GET / 200 in 75ms
 ✓ Compiled in 73ms (320 modules)
 GET / 200 in 23ms
 ✓ Compiled in 80ms (320 modules)
 GET / 200 in 20ms
 ✓ Compiled in 84ms (320 modules)
 GET / 200 in 24ms
 ✓ Compiled in 77ms (320 modules)
 GET / 200 in 34ms
 ✓ Compiled in 75ms (320 modules)
 GET / 200 in 44ms
 ✓ Compiled in 73ms (320 modules)
 GET / 200 in 43ms
 ✓ Compiled in 79ms (320 modules)
 GET / 200 in 20ms
 ✓ Compiled in 82ms (320 modules)
 GET / 200 in 39ms
 ✓ Compiled in 73ms (320 modules)
 GET / 200 in 37ms
 ✓ Compiled in 87ms (320 modules)
 GET / 200 in 15ms
 ✓ Compiled in 101ms (320 modules)
 ✓ Compiled in 108ms (320 modules)
 GET / 200 in 110ms
 GET / 200 in 80ms
 ✓ Compiled in 85ms (320 modules)
 GET / 200 in 72ms
 ✓ Compiled in 78ms (320 modules)
 ✓ Compiled in 84ms (320 modules)
 GET / 200 in 70ms
 ✓ Compiled in 85ms (320 modules)
 GET / 200 in 76ms
 ✓ Compiled in 84ms (320 modules)
 GET / 200 in 77ms
 ✓ Compiled in 77ms (320 modules)
 GET / 200 in 69ms
 GET / 200 in 68ms
 ✓ Compiled in 80ms (320 modules)
 GET / 200 in 52ms
 ✓ Compiled in 80ms (320 modules)
 GET / 200 in 37ms
 ✓ Compiled in 69ms (320 modules)
 GET / 200 in 45ms
 ✓ Compiled in 84ms (320 modules)
 GET / 200 in 38ms
 ✓ Compiled in 81ms (320 modules)
 GET / 200 in 25ms
 ✓ Compiled in 75ms (320 modules)
 GET / 200 in 38ms
 ✓ Compiled in 79ms (320 modules)
 GET / 200 in 46ms
 ✓ Compiled in 84ms (320 modules)
 GET / 200 in 40ms
 ✓ Compiled in 80ms (320 modules)
 GET / 200 in 22ms
 ✓ Compiled in 71ms (320 modules)
 GET / 200 in 34ms
 ✓ Compiled in 86ms (320 modules)
 GET / 200 in 21ms
 ✓ Compiled in 92ms (320 modules)
 GET / 200 in 69ms
 GET / 200 in 86ms
 ✓ Compiled in 99ms (320 modules)
 GET / 200 in 39ms
 ✓ Compiled in 69ms (320 modules)
 GET / 200 in 72ms
 ✓ Compiled in 77ms (320 modules)
 GET / 200 in 17ms
 ✓ Compiled in 82ms (320 modules)
 GET / 200 in 23ms
 ✓ Compiled in 78ms (320 modules)
 GET / 200 in 27ms
 ✓ Compiled in 79ms (320 modules)
 GET / 200 in 19ms
 ✓ Compiled in 77ms (320 modules)
 GET / 200 in 21ms
 ✓ Compiled in 72ms (320 modules)
 GET / 200 in 30ms
 ✓ Compiled in 78ms (320 modules)
 GET / 200 in 18ms
 ✓ Compiled in 80ms (320 modules)
 GET / 200 in 23ms
 ✓ Compiled in 74ms (320 modules)
 GET / 200 in 26ms
 ✓ Compiled in 74ms (320 modules)
 GET / 200 in 39ms
 ✓ Compiled in 80ms (320 modules)
 GET / 200 in 35ms
 ✓ Compiled in 76ms (320 modules)
 GET / 200 in 48ms
 ✓ Compiled in 73ms (320 modules)
 GET / 200 in 61ms
 ✓ Compiled in 83ms (320 modules)
 GET / 200 in 57ms
 ✓ Compiled in 99ms (320 modules)
 GET / 200 in 85ms
 ✓ Compiled in 84ms (320 modules)
 GET / 200 in 23ms
 ✓ Compiled in 77ms (320 modules)
 GET / 200 in 20ms
 ✓ Compiled in 77ms (320 modules)
 GET / 200 in 21ms
 ✓ Compiled in 77ms (320 modules)
 GET / 200 in 28ms
 ✓ Compiled in 87ms (320 modules)
 GET / 200 in 37ms
 ✓ Compiled in 75ms (320 modules)
 GET / 200 in 22ms
 ✓ Compiled in 69ms (320 modules)
 GET / 200 in 25ms
 ✓ Compiled in 83ms (320 modules)
 GET / 200 in 42ms
 ✓ Compiled in 75ms (320 modules)
 GET / 200 in 40ms
 ✓ Compiled in 68ms (320 modules)
 GET / 200 in 45ms
 ✓ Compiled in 70ms (320 modules)
 GET / 200 in 43ms
 ✓ Compiled in 77ms (320 modules)
 GET / 200 in 40ms
 ✓ Compiled in 73ms (320 modules)
 GET / 200 in 71ms
 ✓ Compiled in 73ms (320 modules)
 GET / 200 in 28ms
 ✓ Compiled in 77ms (320 modules)
 GET / 200 in 21ms
 ✓ Compiled in 79ms (320 modules)
 GET / 200 in 18ms
 ✓ Compiled in 69ms (320 modules)
 GET / 200 in 29ms
 ✓ Compiled in 74ms (320 modules)
 GET / 200 in 45ms
 ✓ Compiled in 86ms (320 modules)
 GET / 200 in 22ms
 ✓ Compiled in 74ms (320 modules)
 GET / 200 in 25ms
 ✓ Compiled in 78ms (320 modules)
 GET / 200 in 42ms
 ✓ Compiled in 73ms (320 modules)
 GET / 200 in 36ms
 ✓ Compiled in 81ms (320 modules)
 GET / 200 in 54ms
 ✓ Compiled in 126ms (320 modules)
 GET / 200 in 67ms
 ✓ Compiled in 77ms (320 modules)
 GET / 200 in 48ms
 ✓ Compiled in 79ms (320 modules)
 GET / 200 in 24ms
 ✓ Compiled in 77ms (320 modules)
 GET / 200 in 21ms
 ✓ Compiled in 106ms (320 modules)
 GET / 200 in 106ms
 GET / 200 in 49ms
 ✓ Compiled in 76ms (320 modules)
 GET / 200 in 35ms
 ✓ Compiled in 77ms (320 modules)
 GET / 200 in 21ms
 ✓ Compiled in 78ms (320 modules)
 GET / 200 in 21ms
 ✓ Compiled in 74ms (320 modules)
 GET / 200 in 61ms
 ✓ Compiled in 80ms (320 modules)
 GET / 200 in 23ms
 ✓ Compiled in 70ms (320 modules)
 GET / 200 in 40ms
 ✓ Compiled in 80ms (320 modules)
 GET / 200 in 36ms
 ✓ Compiled in 66ms (320 modules)
 GET / 200 in 35ms
 ✓ Compiled in 70ms (320 modules)
 GET / 200 in 40ms
 ✓ Compiled in 72ms (320 modules)
 GET / 200 in 20ms
 ✓ Compiled in 70ms (320 modules)
 GET / 200 in 22ms
 ✓ Compiled in 69ms (320 modules)
 GET / 200 in 19ms
 ✓ Compiled in 78ms (320 modules)
 GET / 200 in 20ms
 ✓ Compiled in 73ms (320 modules)
 GET / 200 in 22ms
 ✓ Compiled in 68ms (320 modules)
 GET / 200 in 20ms
 ✓ Compiled in 70ms (320 modules)
 GET / 200 in 30ms
 ✓ Compiled in 81ms (320 modules)
 GET / 200 in 45ms
 ✓ Compiled in 75ms (320 modules)
 GET / 200 in 43ms
 ✓ Compiled in 70ms (320 modules)
 GET / 200 in 35ms
 ✓ Compiled in 69ms (320 modules)
 GET / 200 in 35ms
 ✓ Compiled in 72ms (320 modules)
 GET / 200 in 43ms
 ✓ Compiled in 70ms (320 modules)
 GET / 200 in 37ms
 ✓ Compiled in 80ms (320 modules)
 GET / 200 in 41ms
 ✓ Compiled in 64ms (320 modules)
 GET / 200 in 21ms
 ✓ Compiled in 72ms (320 modules)
 GET / 200 in 21ms
 ✓ Compiled in 73ms (320 modules)
 GET / 200 in 19ms
 ✓ Compiled in 66ms (320 modules)
 GET / 200 in 27ms
 ✓ Compiled in 78ms (320 modules)
 GET / 200 in 22ms
 ✓ Compiled in 72ms (320 modules)
 GET / 200 in 21ms
 ✓ Compiled in 70ms (320 modules)
 GET / 200 in 31ms
 ✓ Compiled in 82ms (320 modules)
 GET / 200 in 35ms
 ✓ Compiled in 76ms (320 modules)
 GET / 200 in 39ms
 ✓ Compiled in 83ms (320 modules)
 GET / 200 in 50ms
 ✓ Compiled in 69ms (320 modules)
 GET / 200 in 36ms
 ✓ Compiled in 69ms (320 modules)
 GET / 200 in 41ms
 ✓ Compiled in 88ms (320 modules)
 GET / 200 in 40ms
 ✓ Compiled in 70ms (320 modules)
 GET / 200 in 37ms
 ✓ Compiled in 74ms (320 modules)
 GET / 200 in 21ms
 ✓ Compiled in 73ms (320 modules)
 GET / 200 in 18ms
 ✓ Compiled in 64ms (320 modules)
 GET / 200 in 29ms
 ✓ Compiled in 76ms (320 modules)
 GET / 200 in 19ms
 ✓ Compiled in 69ms (320 modules)
 GET / 200 in 19ms
 ✓ Compiled in 65ms (320 modules)
 GET / 200 in 23ms
 ✓ Compiled in 70ms (320 modules)
 GET / 200 in 21ms
 ✓ Compiled in 80ms (320 modules)
 GET / 200 in 20ms
 ✓ Compiled in 64ms (320 modules)
 GET / 200 in 41ms
 ✓ Compiled in 69ms (320 modules)
 GET / 200 in 40ms
 ✓ Compiled in 68ms (320 modules)
 GET / 200 in 35ms
 ✓ Compiled in 81ms (320 modules)
 GET / 200 in 101ms
 GET / 200 in 93ms
 ✓ Compiled in 82ms (320 modules)
 GET / 200 in 37ms
 ✓ Compiled in 81ms (320 modules)
 GET / 200 in 39ms
 ✓ Compiled in 73ms (320 modules)
 GET / 200 in 17ms
 ✓ Compiled in 70ms (320 modules)
 GET / 200 in 32ms
 ✓ Compiled in 68ms (320 modules)
 GET / 200 in 22ms
 ✓ Compiled in 78ms (320 modules)
 GET / 200 in 18ms
 ✓ Compiled in 68ms (320 modules)
 GET / 200 in 21ms
 ✓ Compiled in 66ms (320 modules)
 GET / 200 in 23ms
 ✓ Compiled in 72ms (320 modules)
 GET / 200 in 21ms
 ✓ Compiled in 75ms (320 modules)
 GET / 200 in 19ms
 ✓ Compiled in 63ms (320 modules)
 GET / 200 in 32ms
 ✓ Compiled in 63ms (320 modules)
 GET / 200 in 35ms
 ✓ Compiled in 73ms (320 modules)
 GET / 200 in 36ms
 ✓ Compiled in 64ms (320 modules)
 GET / 200 in 22ms
 ✓ Compiled in 70ms (320 modules)
 GET / 200 in 35ms
 ✓ Compiled in 67ms (320 modules)
 GET / 200 in 36ms
 ✓ Compiled in 69ms (320 modules)
 GET / 200 in 21ms
 ✓ Compiled in 66ms (320 modules)
 GET / 200 in 18ms
 ✓ Compiled in 68ms (320 modules)
 GET / 200 in 15ms
 ✓ Compiled in 69ms (320 modules)
 GET / 200 in 25ms
 ✓ Compiled in 76ms (320 modules)
 GET / 200 in 20ms
 ✓ Compiled in 74ms (320 modules)
 GET / 200 in 20ms
 ✓ Compiled in 69ms (320 modules)
 GET / 200 in 26ms
 ✓ Compiled in 75ms (320 modules)
 GET / 200 in 18ms
 ✓ Compiled in 66ms (320 modules)
 GET / 200 in 32ms
 ✓ Compiled in 65ms (320 modules)
 GET / 200 in 35ms
 ✓ Compiled in 72ms (320 modules)
 GET / 200 in 38ms
 ✓ Compiled in 66ms (320 modules)
 GET / 200 in 33ms
 ✓ Compiled in 63ms (320 modules)
 GET / 200 in 33ms
 ✓ Compiled in 71ms (320 modules)
 GET / 200 in 36ms
 ✓ Compiled in 74ms (320 modules)
 GET / 200 in 19ms
 ✓ Compiled in 66ms (320 modules)
 GET / 200 in 22ms
 ✓ Compiled in 70ms (320 modules)
 GET / 200 in 20ms
 ✓ Compiled in 72ms (320 modules)
 GET / 200 in 20ms
 ✓ Compiled in 74ms (320 modules)
 GET / 200 in 48ms
 ✓ Compiled in 68ms (320 modules)
 GET / 200 in 27ms
 ✓ Compiled in 77ms (320 modules)
 GET / 200 in 19ms
 ✓ Compiled in 70ms (320 modules)
 GET / 200 in 41ms
 ✓ Compiled in 72ms (320 modules)
 GET / 200 in 39ms
 ✓ Compiled in 66ms (320 modules)
 GET / 200 in 35ms
 ✓ Compiled in 64ms (320 modules)
 GET / 200 in 35ms
 ✓ Compiled in 66ms (320 modules)
 GET / 200 in 56ms
 ✓ Compiled in 65ms (320 modules)
 GET / 200 in 38ms
 ✓ Compiled in 67ms (320 modules)
 GET / 200 in 39ms
 ✓ Compiled in 74ms (320 modules)
 GET / 200 in 21ms
 ✓ Compiled in 68ms (320 modules)
 GET / 200 in 18ms
 ✓ Compiled in 75ms (320 modules)
 GET / 200 in 46ms
 GET / 200 in 72ms
 ✓ Compiled in 89ms (320 modules)
 GET / 200 in 45ms
